[blogs.constantcontact.com/pinterest-for-business/index.html]
[backblue.gif]
[fade.gif]
[index.html]
[blogs.constantcontact.com/wp-content/uploads/2013/08/25-Things-That-Make-You-Look-Dumb-on-Pinterest.png]
[blogs.constantcontact.com/wp-content/plugins/ctct-event-thank-you/assets/css/ctct-event-thank-you55fe.css]
[blogs.constantcontact.com/wp-content/plugins/ctct-sf-events/assets/css/ctct-sf-events.min784e.css]
[blogs.constantcontact.com/wp-content/plugins/ctct-sf-events/assets/css/ctct-sf-time.min784e.css]
[blogs.constantcontact.com/wp-content/themes/roots/assets/css/ctct-header.min.css]
[blogs.constantcontact.com/wp-content/themes/roots/assets/css/ctct-footer.min.css]
[ajax.googleapis.com/ajax/libs/jquery/1.10.2/jquery.min.js]
[blogs.constantcontact.com/wp-content/themes/roots/assets/css/app_clean.min.css]
[blogs.constantcontact.com/wp-content/themes/roots/assets/js/vendor/jquery-1.10.2.min.js]
[blogs.constantcontact.com/wp-content/themes/roots/assets/js/vendor/jquery.browser-0.0.8.min55fe.js]
[blogs.constantcontact.com/wp-content/themes/roots/assets/js/vendor/modernizr-2.6.2.min.js]
[blogs.constantcontact.com/wp-content/themes/roots/assets/js/vendor/affix55fe.js]
[www.constantcontact.com/site/common/_script/modules/cc-formloader55fe.js]
[blogs.constantcontact.com/wp-content/themes/roots/assets/js/ctct-ajax-filters55fe.js]
[blogs.constantcontact.com/wp-content/themes/roots/assets/js/ctct-single-post55fe.js]
[www.constantcontact.com/site/common/_script/modules/cc-analytics55fe.js]
[www.constantcontact.com/site/common/_script/modules/cc-cookies55fe.js]
[blogs.constantcontact.com/wp-content/themes/roots/assets/js/header/navigation55fe.js]
[blogs.constantcontact.com/wp-content/themes/roots/assets/js/vendor/jquery.tools-1.2.5.tooltip.min55fe.js]
[blogs.constantcontact.com/wp-content/themes/roots/assets/js/vendor/jquery.validate-1.9.0.min55fe.js]
[blogs.constantcontact.com/wp-content/themes/roots/assets/js/header/two-step-logic55fe.js]
[www.constantcontact.com/site/common/_script/modules/cc-optimizely.js]
[cdn.optimizely.com/js/2125675982.js]
[blogs.constantcontact.com/wp-content/uploads/2013/08/25-Things-That-Make-You-Look-Dumb-on-Pinterest-790x310.png]
[blogs.constantcontact.com/wp-content/uploads/2013/08/25-Things-That-Make-You-Look-Dumb-on-Pinterest-712x370.png]
[ctctukblog.wpengine.com/wp-content/uploads/2014/06/Danielle-Cormier_avatar_1402688777-96x96.png]
[static.ctctcdn.com/lp/fonts/whitney/whitney-current.css]
[blogs.constantcontact.com/pinterest-for-business/indexad35.html]
[blogs.constantcontact.com/pinterest-for-business/index3e13.html]
[s0.wp.com/wp-content/js/devicepx-jetpackb199.js]
[static.ctctcdn.com/lp/fonts/archer/archer-current.css]
[blogs.constantcontact.com/pinterest-for-business/index3246.html]
[blogs.constantcontact.com/pinterest-for-business/indexabb4.html]
[blogs.constantcontact.com/wp-content/themes/roots/assets/js/main.min77ae.js]
[blogs.constantcontact.com/pinterest-for-business/index5e48.html]
[blogs.constantcontact.com/pinterest-for-business/index1bd7.html]
[blogs.constantcontact.com/pinterest-for-business/index1025.html]
[blogs.constantcontact.com/pinterest-for-business/index2ce4.html]
[blogs.constantcontact.com/pinterest-for-business/indexd1c8.html]
[www.constantcontact.com/site/common/_script/external_sites/make-iframe55fe.js]
[blogs.constantcontact.com/pinterest-for-business/index47f3.html]
[tags.tiqcdn.com/utag/cc/main/prod/utag.js]
[blogs.constantcontact.com/pinterest-for-business/indexb551.html]
[stats.wp.com/e-201815.js]
[blogs.constantcontact.com/pinterest-for-business/index.html]
[blogs.constantcontact.com/pinterest-for-business/index8f5f.html]
[blogs.constantcontact.com/pinterest-for-business/index573c.html]
[blogs.constantcontact.com/pinterest-for-business/indexa479.html]
[blogs.constantcontact.com/wp-content/plugins/ctct-event-thank-you/assets/css/ctct-event-thank-you55fe.css]
[blogs.constantcontact.com/pinterest-for-business/index1012.html]
[blogs.constantcontact.com/pinterest-for-business/index1b41.html]
[blogs.constantcontact.com/pinterest-for-business/index6373.html]
[blogs.constantcontact.com/pinterest-for-business/index6eb0.html]
[blogs.constantcontact.com/wp-content/themes/roots/assets/img/ajax-loader.gif]
[blogs.constantcontact.com/wp-content/plugins/ctct-sf-events/assets/css/ctct-sf-events.min784e.css]
[blogs.constantcontact.com/pinterest-for-business/index8f80.html]
[blogs.constantcontact.com/pinterest-for-business/index47e8.html]
[blogs.constantcontact.com/wp-content/plugins/ctct-sf-events/assets/css/ctct-sf-time.min784e.css]
[blogs.constantcontact.com/pinterest-for-business/index41c4.html]
[blogs.constantcontact.com/pinterest-for-business/index2bc9.html]
[blogs.constantcontact.com/pinterest-for-business/index726e.html]
[static.ctctcdn.com/lp/images/standard/bv2/signup/error_icon.png]
[blogs.constantcontact.com/wp-content/themes/roots/assets/css/ctct-header.min.css]
[blogs.constantcontact.com/pinterest-for-business/indexfef0.html]
[blogs.constantcontact.com/pinterest-for-business/index06ba.html]
[blogs.constantcontact.com/pinterest-for-business/index7fc6.html]
[static.ctctcdn.com/lp/images/standard/icons/icon-scroll-arrow-white.png]
[blogs.constantcontact.com/wp-content/themes/roots/assets/css/ctct-footer.min.css]
[blogs.constantcontact.com/pinterest-for-business/indexeef4.html]
[blogs.constantcontact.com/pinterest-for-business/index1323.html]
[blogs.constantcontact.com/pinterest-for-business/indexe6f2.html]
[blogs.constantcontact.com/wp-content/themes/roots/assets/img/authors-icon.png]
[blogs.constantcontact.com/pinterest-for-business/index348c.html]
[blogs.constantcontact.com/wp-content/themes/roots/assets/img/icon_google_gray.png]
[blogs.constantcontact.com/pinterest-for-business/index4245.html]
[blogs.constantcontact.com/pinterest-for-business/index556a.html]
[blogs.constantcontact.com/wp-content/themes/roots/assets/img/icon_twitter_gray.png]
[blogs.constantcontact.com/pinterest-for-business/index8f70.html]
[blogs.constantcontact.com/wp-content/themes/roots/assets/img/icon_facebook_gray.png]
[blogs.constantcontact.com/wp-content/themes/roots/assets/img/icon_pinterest_gray.png]
[blogs.constantcontact.com/wp-content/themes/roots/assets/img/icon_linkedin_gray.png]
[blogs.constantcontact.com/pinterest-for-business/indexd1b2.html]
[blogs.constantcontact.com/wp-content/themes/roots/assets/img/icon_comments.png]
[blogs.constantcontact.com/wp-content/themes/roots/assets/img/icon-tags.png]
[blogs.constantcontact.com/wp-content/themes/roots/assets/img/icon-more.png]
[blogs.constantcontact.com/wp-content/themes/roots/assets/img/icon-resource.png]
[blogs.constantcontact.com/wp-content/themes/roots/assets/img/icon-search.png]
[blogs.constantcontact.com/wp-content/themes/roots/assets/img/404_background.png]
[blogs.constantcontact.com/wp-content/themes/roots/assets/img/404_background-mobile.png]
[blogs.constantcontact.com/wp-content/themes/roots/assets/img/arrow-next.png]
[blogs.constantcontact.com/wp-content/themes/roots/assets/img/arrow-prev.png]
[blogs.constantcontact.com/wp-content/themes/roots/assets/img/twitter-icon-16.png]
[blogs.constantcontact.com/wp-content/themes/roots/assets/img/facebook-icon-16.png]
[blogs.constantcontact.com/wp-content/themes/roots/assets/img/pinterest-icon-16.png]
[blogs.constantcontact.com/wp-content/themes/roots/assets/img/linkedin-icon-16.png]
[blogs.constantcontact.com/wp-content/themes/roots/assets/img/google-plus-icon-16.png]
[blogs.constantcontact.com/wp-content/themes/roots/assets/img/social-media-quickstarter/logo-instagram.png]
[blogs.constantcontact.com/wp-content/ctct-static/img/form_widget_computer.png]
[blogs.constantcontact.com/wp-content/themes/roots/assets/css/app_clean.min.css]
[blogs.constantcontact.com/wp-content/themes/roots/assets/js/vendor/jquery-1.10.2.min.js]
[blogs.constantcontact.com/wp-content/plugins/wp-hide-post/public/js/wp-hide-post-public6471.js]
[blogs.constantcontact.com/wp-content/themes/roots/assets/js/vendor/jquery.browser-0.0.8.min55fe.js]
[blogs.constantcontact.com/wp-content/themes/roots/assets/js/vendor/modernizr-2.6.2.min.js]
[blogs.constantcontact.com/wp-content/themes/roots/assets/js/vendor/affix55fe.js]
[www.constantcontact.com/site/common/_script/modules/cc-formloader55fe.js]
[blogs.constantcontact.com/wp-content/themes/roots/assets/js/ctct-ajax-filters55fe.js]
[blogs.constantcontact.com/wp-content/themes/roots/assets/js/ctct-single-post55fe.js]
[www.constantcontact.com/site/common/_script/modules/cc-analytics55fe.js]
[www.constantcontact.com/site/common/_script/modules/cc-cookies55fe.js]
[blogs.constantcontact.com/wp-content/themes/roots/assets/js/header/navigation55fe.js]
[blogs.constantcontact.com/wp-content/themes/roots/assets/js/vendor/jquery.tools-1.2.5.tooltip.min55fe.js]
[blogs.constantcontact.com/wp-content/themes/roots/assets/js/vendor/jquery.validate-1.9.0.min55fe.js]
[blogs.constantcontact.com/wp-content/themes/roots/assets/js/header/two-step-logic55fe.js]
[www.constantcontact.com/site/common/_script/modules/cc-optimizely.js]
[blogs.constantcontact.com/wp-content/themes/roots/assets/js/ctctblog-optimizely.min.js]
[blogs.constantcontact.com/pinterest-for-business/indexad35.html]
[blogs.constantcontact.com/pinterest-for-business/index3e13.html]
[blogs.constantcontact.com/pinterest-for-business/indexabb4.html]
[blogs.constantcontact.com/pinterest-for-business/index3246.html]
[blogs.constantcontact.com/pinterest-for-business/index5e48.html]
[blogs.constantcontact.com/pinterest-for-business/index1025.html]
[blogs.constantcontact.com/pinterest-for-business/index1bd7.html]
[blogs.constantcontact.com/pinterest-for-business/indexd1c8.html]
[blogs.constantcontact.com/pinterest-for-business/index47f3.html]
[blogs.constantcontact.com/pinterest-for-business/index2ce4.html]
[blogs.constantcontact.com/pinterest-for-business/indexb551.html]
[blogs.constantcontact.com/pinterest-for-business/index8f5f.html]
[blogs.constantcontact.com/pinterest-for-business/index573c.html]
[blogs.constantcontact.com/pinterest-for-business/indexa479.html]
[blogs.constantcontact.com/pinterest-for-business/index1b41.html]
[blogs.constantcontact.com/pinterest-for-business/index1012.html]
[blogs.constantcontact.com/pinterest-for-business/index6373.html]
[blogs.constantcontact.com/pinterest-for-business/index6eb0.html]
[blogs.constantcontact.com/pinterest-for-business/index8f80.html]
[blogs.constantcontact.com/pinterest-for-business/index47e8.html]
[blogs.constantcontact.com/pinterest-for-business/index41c4.html]
[blogs.constantcontact.com/pinterest-for-business/index2bc9.html]
[blogs.constantcontact.com/pinterest-for-business/index726e.html]
[blogs.constantcontact.com/pinterest-for-business/indexfef0.html]
[blogs.constantcontact.com/pinterest-for-business/index06ba.html]
[blogs.constantcontact.com/pinterest-for-business/index7fc6.html]
[blogs.constantcontact.com/pinterest-for-business/index1323.html]
[blogs.constantcontact.com/pinterest-for-business/indexeef4.html]
[blogs.constantcontact.com/pinterest-for-business/indexe6f2.html]
[blogs.constantcontact.com/pinterest-for-business/index348c.html]
[blogs.constantcontact.com/pinterest-for-business/index4245.html]
[blogs.constantcontact.com/pinterest-for-business/index556a.html]
[blogs.constantcontact.com/pinterest-for-business/index8f70.html]
[blogs.constantcontact.com/pinterest-for-business/indexd1b2.html]
[static.ctctcdn.com/lp/fonts/whitney/41B0081476773E77F.eot]
[static.ctctcdn.com/lp/fonts/whitney/1E0AFCAD6F959FCE2.eot]
[static.ctctcdn.com/lp/fonts/whitney/41B0081476773E77Fd41d.eot]
[static.ctctcdn.com/lp/fonts/whitney/B2E726BB8DA0E9792.eot]
[static.ctctcdn.com/lp/fonts/whitney/1E0AFCAD6F959FCE2d41d.eot]
[static.ctctcdn.com/lp/fonts/whitney/0F5376AE2FC99056B.eot]
[static.ctctcdn.com/lp/fonts/whitney/whitney-current.css]
[static.ctctcdn.com/lp/fonts/whitney/B2E726BB8DA0E9792d41d.eot]
[static.ctctcdn.com/lp/fonts/whitney/0F5376AE2FC99056Bd41d.eot]
[static.ctctcdn.com/lp/fonts/archer/3481DE7B8E31CF966.eot]
[static.ctctcdn.com/lp/fonts/archer/3481DE7B8E31CF966d41d.eot]
[static.ctctcdn.com/lp/fonts/archer/1071DBA2AEB0BB8B0.eot]
[static.ctctcdn.com/lp/fonts/archer/B33E62427302EAB6B.eot]
[static.ctctcdn.com/lp/fonts/archer/1071DBA2AEB0BB8B0d41d.eot]
[static.ctctcdn.com/lp/fonts/archer/0127C726A40DE26EB.eot]
[static.ctctcdn.com/lp/fonts/archer/archer-current.css]
[static.ctctcdn.com/lp/fonts/archer/B33E62427302EAB6Bd41d.eot]
[static.ctctcdn.com/lp/fonts/archer/0127C726A40DE26EBd41d.eot]
[s0.wp.com/wp-content/js/devicepx-jetpackb199.js]
[blogs.constantcontact.com/wp-content/themes/roots/assets/js/main.min77ae.js]
[blogs.constantcontact.com/wp-content/plugins/akismet/_inc/formfa0c.js]
[www.constantcontact.com/site/common/_script/external_sites/make-iframe55fe.js]
[blogs.constantcontact.com/pinterest-for-business/com/default/create.4a.delayed]
[blogs.constantcontact.com/pinterest-for-business/processing_login.jsp]
[tags.tiqcdn.com/utag/cc/main/prod/utag.js]
[stats.wp.com/e-201815.js]
[blogs.constantcontact.com/pinterest-for-business/com/default/create.html]
[blogs.constantcontact.com/pinterest-for-business/ctctmarketplace.uat.cs12.force.com/index.html]
[blogs.constantcontact.com/pinterest-for-business/ctctmarketplace.uat.cs12.force.com/index.html]
[blogs.constantcontact.com/pinterest-for-business/processing_login.html]
[blogs.constantcontact.com/pinterest-for-business/g.html]
[blogs.constantcontact.com/pinterest-for-business/c.html]
[blogs.constantcontact.com/pinterest-for-business/t.html]
